#
# There is insufficient memory for the Java Runtime Environment to continue.
# Native memory allocation (mmap) failed to map 4128768 bytes. Error detail: G1 virtual space
# Possible reasons:
#   The system is out of physical RAM or swap space
#   This process is running with CompressedOops enabled, and the Java Heap may be blocking the growth of the native heap
# Possible solutions:
#   Reduce memory load on the system
#   Increase physical memory or swap space
#   Check if swap backing store is full
#   Decrease Java heap size (-Xmx/-Xms)
#   Decrease number of Java threads
#   Decrease Java thread stack sizes (-Xss)
#   Set larger code cache with -XX:ReservedCodeCacheSize=
#   JVM is running with Zero Based Compressed Oops mode in which the Java heap is
#     placed in the first 32GB address space. The Java Heap base address is the
#     maximum limit for the native heap growth. Please use -XX:HeapBaseMinAddress
#     to set the Java Heap base and to place the Java Heap above 32GB virtual address.
# This output file may be truncated or incomplete.
#
#  Out of Memory Error (os_windows.cpp:3690), pid=13856, tid=19940
#
# JRE version:  (17.0.18+8) (build )
# Java VM: OpenJDK 64-Bit Server VM (17.0.18+8-LTS, mixed mode, sharing, tiered, compressed oops, compressed class ptrs, g1 gc, windows-amd64)
# No core dump will be written. Minidumps are not enabled by default on client versions of Windows
#

---------------  S U M M A R Y ------------

Command Line: -Dnet.bytebuddy.agent.attacher.dump= net.bytebuddy.agent.Attacher com.sun.tools.attach.VirtualMachine 11084 C:\Users\Administrator\.m2\repository\net\bytebuddy\byte-buddy-agent\1.17.8\byte-buddy-agent-1.17.8.jar false 

Host: 12th Gen Intel(R) Core(TM) i5-12500H, 16 cores, 15G,  Windows 11 , 64 bit Build 26100 (10.0.26100.1591)
Time: Thu Apr 30 22:12:02 2026  Windows 11 , 64 bit Build 26100 (10.0.26100.1591) elapsed time: 1.120691 seconds (0d 0h 0m 1s)

---------------  T H R E A D  ---------------

Current thread (0x00000261b736e5f0):  JavaThread "Unknown thread" [_thread_in_vm, id=19940, stack(0x0000009a3b200000,0x0000009a3b300000)]

Stack: [0x0000009a3b200000,0x0000009a3b300000]
Native frames: (J=compiled Java code, j=interpreted, Vv=VM code, C=native code)
V  [jvm.dll+0x68c879]  (no source info available)
V  [jvm.dll+0x845979]  (no source info available)
V  [jvm.dll+0x8476e8]  (no source info available)
V  [jvm.dll+0x847d73]  (no source info available)
V  [jvm.dll+0x24cf6f]  (no source info available)
V  [jvm.dll+0x68bc79]  (no source info available)
V  [jvm.dll+0x68023a]  (no source info available)
V  [jvm.dll+0x3101a0]  (no source info available)
V  [jvm.dll+0x310042]  (no source info available)
V  [jvm.dll+0x317599]  (no source info available)
V  [jvm.dll+0x3699c3]  (no source info available)
V  [jvm.dll+0x369bcd]  (no source info available)
V  [jvm.dll+0x2e69aa]  (no source info available)
V  [jvm.dll+0x2e78b8]  (no source info available)
V  [jvm.dll+0x81871e]  (no source info available)
V  [jvm.dll+0x377601]  (no source info available)
V  [jvm.dll+0x7f6d65]  (no source info available)
V  [jvm.dll+0x3fd47b]  (no source info available)
V  [jvm.dll+0x3ff0b1]  (no source info available)
C  [jli.dll+0x52f0]  (no source info available)
C  [ucrtbase.dll+0x14ea0]  (no source info available)
C  [KERNEL32.DLL+0x2dbe7]  (no source info available)
C  [ntdll.dll+0x85a6c]  (no source info available)


---------------  P R O C E S S  ---------------

Threads class SMR info:
_java_thread_list=0x00007ffb38296058, length=0, elements={
}

Java Threads: ( => current thread )

Other Threads:
  0x00000261b8f17b70 GCTaskThread "GC Thread#0" [stack: 0x0000009a3b300000,0x0000009a3b400000] [id=7676]
  0x00000261b8f284e0 ConcurrentGCThread "G1 Main Marker" [stack: 0x0000009a3b400000,0x0000009a3b500000] [id=19036]
  0x00000261b8f2abe0 ConcurrentGCThread "G1 Conc#0" [stack: 0x0000009a3b500000,0x0000009a3b600000] [id=12568]

[error occurred during error reporting (printing all threads), id 0xc0000005, EXCEPTION_ACCESS_VIOLATION (0xc0000005) at pc=0x00007ffb37a474e7]

VM state: not at safepoint (not fully initialized)

VM Mutex/Monitor currently owned by a thread:  ([mutex/lock_event])
[0x00000261b736cf00] Heap_lock - owner thread: 0x00000261b736e5f0

Heap address: 0x0000000705e00000, size: 4002 MB, Compressed Oops mode: Zero based, Oop shift amount: 3

CDS archive(s) mapped at: [0x0000000000000000-0x0000000000000000-0x0000000000000000), size 0, SharedBaseAddress: 0x0000000800000000, ArchiveRelocationMode: 1.
Narrow klass base: 0x0000000000000000, Narrow klass shift: 0, Narrow klass range: 0x0

GC Precious Log:
<Empty>

Heap:
 garbage-first heap   total 0K, used 0K [0x0000000705e00000, 0x0000000800000000)
  region size 2048K, 0 young (0K), 0 survivors (0K)

[error occurred during error reporting (printing heap information), id 0xc0000005, EXCEPTION_ACCESS_VIOLATION (0xc0000005) at pc=0x00007ffb37e38929]

GC Heap History (0 events):
No events

Dll operation events (1 events):
Event: 0.006 Loaded shared library D:\jdk17\bin\java.dll

Deoptimization events (0 events):
No events

Classes loaded (0 events):
No events

Classes unloaded (0 events):
No events

Classes redefined (0 events):
No events

Internal exceptions (0 events):
No events

VM Operations (0 events):
No events

Memory protections (0 events):
No events

Nmethod flushes (0 events):
No events

Events (0 events):
No events


Dynamic libraries:
0x00007ff653ba0000 - 0x00007ff653bae000 	D:\jdk17\bin\java.exe
0x00007ffc2f180000 - 0x00007ffc2f3e3000 	C:\Windows\SYSTEM32\ntdll.dll
0x00007ffc2e2f0000 - 0x00007ffc2e3b7000 	C:\Windows\System32\KERNEL32.DLL
0x00007ffc2cc20000 - 0x00007ffc2cfc1000 	C:\Windows\System32\KERNELBASE.dll
0x00007ffc2ca10000 - 0x00007ffc2cb5b000 	C:\Windows\System32\ucrtbase.dll
0x00007ffbce7c0000 - 0x00007ffbce7d8000 	D:\jdk17\bin\jli.dll
0x00007ffbcf4f0000 - 0x00007ffbcf50e000 	D:\jdk17\bin\VCRUNTIME140.dll
0x00007ffc2e3c0000 - 0x00007ffc2e583000 	C:\Windows\System32\USER32.dll
0x00007ffc2cfd0000 - 0x00007ffc2cff7000 	C:\Windows\System32\win32u.dll
0x00007ffc10c20000 - 0x00007ffc10eb0000 	C:\Windows\WinSxS\amd64_microsoft.windows.common-controls_6595b64144ccf1df_6.0.26100.1591_none_3e0fac18e32dc903\COMCTL32.dll
0x00007ffc2e840000 - 0x00007ffc2e86a000 	C:\Windows\System32\GDI32.dll
0x00007ffc2d150000 - 0x00007ffc2d1f9000 	C:\Windows\System32\msvcrt.dll
0x00007ffc2c8e0000 - 0x00007ffc2ca01000 	C:\Windows\System32\gdi32full.dll
0x00007ffc2c590000 - 0x00007ffc2c633000 	C:\Windows\System32\msvcp_win.dll
0x00007ffc2eda0000 - 0x00007ffc2edcf000 	C:\Windows\System32\IMM32.DLL
0x00007ffbcfcd0000 - 0x00007ffbcfcdc000 	D:\jdk17\bin\vcruntime140_1.dll
0x00007ffb383d0000 - 0x00007ffb38459000 	D:\jdk17\bin\msvcp140.dll
0x00007ffb37750000 - 0x00007ffb383ca000 	D:\jdk17\bin\server\jvm.dll
0x00007ffc2d090000 - 0x00007ffc2d142000 	C:\Windows\System32\ADVAPI32.dll
0x00007ffc2f090000 - 0x00007ffc2f137000 	C:\Windows\System32\sechost.dll
0x00007ffc2ee90000 - 0x00007ffc2efa6000 	C:\Windows\System32\RPCRT4.dll
0x00007ffc2e7c0000 - 0x00007ffc2e834000 	C:\Windows\System32\WS2_32.dll
0x00007ffc2c430000 - 0x00007ffc2c47e000 	C:\Windows\SYSTEM32\POWRPROF.dll
0x00007ffc256f0000 - 0x00007ffc256fb000 	C:\Windows\SYSTEM32\VERSION.dll
0x00007ffc20c30000 - 0x00007ffc20c66000 	C:\Windows\SYSTEM32\WINMM.dll
0x00007ffc2c410000 - 0x00007ffc2c424000 	C:\Windows\SYSTEM32\UMPDC.dll
0x00007ffc2b3c0000 - 0x00007ffc2b3da000 	C:\Windows\SYSTEM32\kernel.appcore.dll
0x00007ffbac5e0000 - 0x00007ffbac5ea000 	D:\jdk17\bin\jimage.dll
0x00007ffc294f0000 - 0x00007ffc29731000 	C:\Windows\SYSTEM32\DBGHELP.DLL
0x00007ffc2e880000 - 0x00007ffc2ebfc000 	C:\Windows\System32\combase.dll
0x00007ffc2efb0000 - 0x00007ffc2f086000 	C:\Windows\System32\OLEAUT32.dll
0x00007ffc08ac0000 - 0x00007ffc08af9000 	C:\Windows\SYSTEM32\dbgcore.DLL
0x00007ffc2c840000 - 0x00007ffc2c8d9000 	C:\Windows\System32\bcryptPrimitives.dll
0x00007ffb8c6e0000 - 0x00007ffb8c706000 	D:\jdk17\bin\java.dll

dbghelp: loaded successfully - version: 4.0.5 - missing functions: none
symbol engine: initialized successfully - sym options: 0x614 - pdb path: .;D:\jdk17\bin;C:\Windows\SYSTEM32;C:\Windows\WinSxS\amd64_microsoft.windows.common-controls_6595b64144ccf1df_6.0.26100.1591_none_3e0fac18e32dc903;D:\jdk17\bin\server

VM Arguments:
jvm_args: -Dnet.bytebuddy.agent.attacher.dump= 
java_command: net.bytebuddy.agent.Attacher com.sun.tools.attach.VirtualMachine 11084 C:\Users\Administrator\.m2\repository\net\bytebuddy\byte-buddy-agent\1.17.8\byte-buddy-agent-1.17.8.jar false 
java_class_path (initial): C:\Users\Administrator\.m2\repository\net\bytebuddy\byte-buddy-agent\1.17.8\byte-buddy-agent-1.17.8.jar
Launcher Type: SUN_STANDARD

[Global flags]
     intx CICompilerCount                          = 12                                        {product} {ergonomic}
     uint ConcGCThreads                            = 3                                         {product} {ergonomic}
     uint G1ConcRefinementThreads                  = 13                                        {product} {ergonomic}
   size_t G1HeapRegionSize                         = 2097152                                   {product} {ergonomic}
    uintx GCDrainStackTargetSize                   = 64                                        {product} {ergonomic}
   size_t InitialHeapSize                          = 264241152                                 {product} {ergonomic}
   size_t MarkStackSize                            = 4194304                                   {product} {ergonomic}
   size_t MaxHeapSize                              = 4196401152                                {product} {ergonomic}
   size_t MinHeapDeltaBytes                        = 2097152                                   {product} {ergonomic}
   size_t MinHeapSize                              = 8388608                                   {product} {ergonomic}
    uintx NonNMethodCodeHeapSize                   = 7602480                                {pd product} {ergonomic}
    uintx NonProfiledCodeHeapSize                  = 122027880                              {pd product} {ergonomic}
    uintx ProfiledCodeHeapSize                     = 122027880                              {pd product} {ergonomic}
    uintx ReservedCodeCacheSize                    = 251658240                              {pd product} {ergonomic}
     bool SegmentedCodeCache                       = true                                      {product} {ergonomic}
   size_t SoftMaxHeapSize                          = 4196401152                             {manageable} {ergonomic}
     bool UseCompressedClassPointers               = true                           {product lp64_product} {ergonomic}
     bool UseCompressedOops                        = true                           {product lp64_product} {ergonomic}
     bool UseG1GC                                  = true                                      {product} {ergonomic}
     bool UseLargePagesIndividualAllocation        = false                                  {pd product} {ergonomic}

Logging:
Log output configuration:
 #0: stdout all=warning uptime,level,tags
 #1: stderr all=off uptime,level,tags

Environment Variables:
JAVA_HOME=D:\Develop\jdk22
CLASSPATH=E:\Downloads\apache-jmeter-5.6.3\apache-jmeter-5.6.3\lib\ext\ApacheJMeter_core.jar;E:\Downloads\apache-jmeter-5.6.3\apache-jmeter-5.6.3\lib\jorphan.jar;E:\Downloads\apache-jmeter-5.6.3\apache-jmeter-5.6.3\lib/logkit-2.0.jar;E:\Downloads\apache-jmeter-5.6.3\apache-jmeter-5.6.3\lib\jorphan.jar;
PATH=D:\Python39\Scripts\;D:\Python39\;D:\Develop\jdk22\bin;d:\Develop\cursor\cursor\resources\app\bin;C:\Program Files (x86)\Microsoft\Edge\Application;D:\Develop\VMware\bin\;C:\Program Files\Common Files\Oracle\Java\javapath;C:\Windows\system32;C:\Windows;C:\Windows\System32\Wbem;C:\Windows\System32\WindowsPowerShell\v1.0\;D:\Downloads\apache-tomcat-9.0.102\bin;C:\Windows\System32\OpenSSH\;D:\Develop\apache-maven\maven-mvnd-1.0.2-windows-amd64\mvn\bin;C:\Program Files\dotnet\;C:\Program Files (x86)\NVIDIA Corporation\PhysX\Common;C:\Program Files\NVIDIA Corporation\NVIDIA NvDLISR;D:\MySQL\MySQL Server 8.0\bin;C:\Program Files\Microsoft SQL Server\130\Tools\Binn\;D:\Develop\MySQL\MySQL Server 8.0\bin;D:\Develop\apache-tomcat-10.1.36-windows-x64\apache-tomcat-10.1.36\bin;D:\Develop\apache-tomcat-10.1.36-windows-x64\apache-tomcat-10.1.36\bin;D:\Develop\;D:\Develop\MySQL\MySQL Shell 8.0\bin\;C:\Users\Administrator\AppData\Local\Microsoft\WindowsApps;E:\Microsoft\ideaIc-2023.3.8\IntelliJ IDEA Community Edition 2023.3.8\bin;C:\Users\Administrator\AppData\Roaming\npm;D:\IntelliJ IDEA 2024.3.3\bin;d:\Develop\cursor\cursor\resources\app\bin;D:\Develop\git\Git\cmd;D:\Develop\git\Git\etc;D:\Develop\nodejs\;D:\apache-maven-3.9.9\bin;D:\Python\Python311;D:\Python\Python311\Scripts;E:\Downloads\ffmpeg\ffmpeg-2023-04-17-git-65e537b833-full_build\bin;E:\Downloads\apache-jmeter-5.6.3\apache-jmeter-5.6.3\bin;E:\Downloads\;D:\Develop\MySQL\MySQL Shell 8.0\bin\;C:\Users\Administrator\AppData\Local\Microsoft\WindowsApps;E:\Microsoft\ideaIc-2023.3.8\IntelliJ IDEA Community Edition 2023.3.8\bin;;C:\Users\Administrator\AppData\Local\Programs\Microsoft VS Code\bin;D:\IntelliJ IDEA 2024.3.3\bin;;D:\Develop\jdk22\bin;D:\Develop\cursor\cursor\resources\app\bin;D:\Develop\git\Git\etc;D:\Develop\apache-maven\maven-mvnd-1.0.2-windows-amd64\mvn\bin;C:\Users\Administrator\AppData\Roaming\npm;d:\PyCharm 2025.2.5\bin;E:\Downloads\mongosh\
USERNAME=Say my name
OS=Windows_NT
PROCESSOR_IDENTIFIER=Intel64 Family 6 Model 154 Stepping 3, GenuineIntel
TMP=C:\Users\Administrator\AppData\Local\Temp
TEMP=C:\Users\Administrator\AppData\Local\Temp



Periodic native trim disabled


---------------  S Y S T E M  ---------------

OS:
 Windows 11 , 64 bit Build 26100 (10.0.26100.1591)
OS uptime: 0 days 8:45 hours
Hyper-V role detected

CPU: total 16 (initial active 16) (8 cores per cpu, 2 threads per core) family 6 model 154 stepping 3 microcode 0x423, cx8, cmov, fxsr, ht, mmx, 3dnowpref, sse, sse2, sse3, ssse3, sse4.1, sse4.2, popcnt, lzcnt, tsc, tscinvbit, avx, avx2, aes, erms, clmul, bmi1, bmi2, adx, sha, fma, vzeroupper, clflush, clflushopt, clwb, hv
Processor Information for processor 0
  Max Mhz: 2500, Current Mhz: 2500, Mhz Limit: 2500
Processor Information for processor 1
  Max Mhz: 2500, Current Mhz: 1532, Mhz Limit: 2500
Processor Information for processor 2
  Max Mhz: 2500, Current Mhz: 2500, Mhz Limit: 2500
Processor Information for processor 3
  Max Mhz: 2500, Current Mhz: 1532, Mhz Limit: 2500
Processor Information for processor 4
  Max Mhz: 2500, Current Mhz: 2500, Mhz Limit: 2500
Processor Information for processor 5
  Max Mhz: 2500, Current Mhz: 2500, Mhz Limit: 2500
Processor Information for processor 6
  Max Mhz: 2500, Current Mhz: 2500, Mhz Limit: 2500
Processor Information for processor 7
  Max Mhz: 2500, Current Mhz: 2500, Mhz Limit: 2500
Processor Information for processor 8
  Max Mhz: 2500, Current Mhz: 2500, Mhz Limit: 2500
Processor Information for processor 9
  Max Mhz: 2500, Current Mhz: 2500, Mhz Limit: 2500
Processor Information for processor 10
  Max Mhz: 2500, Current Mhz: 2500, Mhz Limit: 2500
Processor Information for processor 11
  Max Mhz: 2500, Current Mhz: 2500, Mhz Limit: 2500
Processor Information for processor 12
  Max Mhz: 2500, Current Mhz: 1527, Mhz Limit: 2500
Processor Information for processor 13
  Max Mhz: 2500, Current Mhz: 1527, Mhz Limit: 2500
Processor Information for processor 14
  Max Mhz: 2500, Current Mhz: 1527, Mhz Limit: 2500
Processor Information for processor 15
  Max Mhz: 2500, Current Mhz: 2500, Mhz Limit: 2500

Memory: 4k page, system-wide physical 16004M (3298M free)
TotalPageFile size 18900M (AvailPageFile size 5M)
current process WorkingSet (physical memory assigned to process): 12M, peak: 12M
current process commit charge ("private bytes"): 327M, peak: 331M

vm_info: OpenJDK 64-Bit Server VM (17.0.18+8-LTS) for windows-amd64 JRE (17.0.18+8-LTS), built on Jan 15 2026 18:50:45 by "MicrosoftCorporation" with MS VC++ 17.14 (VS2022)

END.
